// Jest Snapshot v1, https://goo.gl/fbAQLP

exports[`<Review /> rendering should render elements 1`] = `
<ReviewBox
  className="review-box"
>
  <LeftColumn>
    <Avatar
      src="https://s3.amazonaws.com/uifaces/faces/twitter/blakesimkins/128.jpg"
    />
    <Username>
      <Link>
        Salvador.OKon17
      </Link>
    </Username>
    <OwnedGames>
      <SmallLink>
        77 products in account
      </SmallLink>
    </OwnedGames>
    <ReviewCount>
      33 reviews
    </ReviewCount>
  </LeftColumn>
  <RightColumn>
    <VoteHeader>
      <Thumb
        src="/images/thumbs-down.png"
      />
      <TextContainer>
        <Title>
          Not recommended
        </Title>
        <Hours>
          2919 hrs on record
        </Hours>
      </TextContainer>
    </VoteHeader>
    <PostDate>
      POSTED JAN 20TH
    </PostDate>
    <Content>
      Voluptatem voluptatem officia et.
    </Content>
    <styled.div />
    <ReviewRating
      funny={309}
      no={503}
      post_id={89613}
      review={
        Object {
          "content": "Voluptatem voluptatem officia et.",
          "createdAt": "2019-05-20T01:30:23.000Z",
          "helpful_funny_count": 309,
          "helpful_no_count": 503,
          "helpful_yes_count": 993,
          "hours_played": "2919",
          "language": "Turkish",
          "post_id": 89613,
          "product_count": 77,
          "recommended": false,
          "registration_date": "2018-11-24",
          "review_count": 33,
          "review_date": "2019-01-20",
          "steam_level": 28,
          "updatedAt": "2019-05-20T01:30:23.000Z",
          "user_avatar": "https://s3.amazonaws.com/uifaces/faces/twitter/blakesimkins/128.jpg",
          "user_id": 88438,
          "username": "Salvador.OKon17",
        }
      }
      yes={993}
    />
  </RightColumn>
</ReviewBox>
`;
